==========================================
   libressl 2.1.1: tests/test-suite.log
==========================================

# TOTAL: 43
# PASS:  43
# SKIP:  0
# XFAIL: 0
# FAIL:  0
# XPASS: 0
# ERROR: 0

.. contents:: :depth: 2

